?   	github.com/buairtri/pptxgengo/cmd/pptxadapt	[no test files]
ok  	github.com/buairtri/pptxgengo/cmd/pptxanchor	0.313s
?   	github.com/buairtri/pptxgengo/cmd/pptxcomponent	[no test files]
ok  	github.com/buairtri/pptxgengo/cmd/pptxcompose	0.458s
ok  	github.com/buairtri/pptxgengo/cmd/pptxdesign	5.518s
ok  	github.com/buairtri/pptxgengo/cmd/pptxdiff	0.657s
ok  	github.com/buairtri/pptxgengo/cmd/pptxgengo	0.847s
?   	github.com/buairtri/pptxgengo/cmd/pptxlib	[no test files]
?   	github.com/buairtri/pptxgengo/cmd/pptxscene	[no test files]
?   	github.com/buairtri/pptxgengo/cmd/pptxtemplate	[no test files]
ok  	github.com/buairtri/pptxgengo/internal/adapt	2.245s
?   	github.com/buairtri/pptxgengo/internal/component	[no test files]
ok  	github.com/buairtri/pptxgengo/internal/compose	1.033s
ok  	github.com/buairtri/pptxgengo/internal/deckproject	16.526s
ok  	github.com/buairtri/pptxgengo/internal/library	4.142s
ok  	github.com/buairtri/pptxgengo/internal/nativepkg	2.196s
ok  	github.com/buairtri/pptxgengo/internal/textlayout	2.155s
ok  	github.com/buairtri/pptxgengo/internal/wmdesign	19.631s
ok  	github.com/buairtri/pptxgengo/pptx	1.953s
?   	github.com/buairtri/pptxgengo/samples/wmds-migration-20261003/software-modernization/case-study-fragment/authoring	[no test files]
