?   	github.com/buairtri/pptxgengo/cmd/pptxadapt	[no test files]
ok  	github.com/buairtri/pptxgengo/cmd/pptxanchor	0.223s
?   	github.com/buairtri/pptxgengo/cmd/pptxcomponent	[no test files]
ok  	github.com/buairtri/pptxgengo/cmd/pptxcompose	1.241s
ok  	github.com/buairtri/pptxgengo/cmd/pptxdesign	6.062s
ok  	github.com/buairtri/pptxgengo/cmd/pptxdiff	0.871s
ok  	github.com/buairtri/pptxgengo/cmd/pptxgengo	0.249s
?   	github.com/buairtri/pptxgengo/cmd/pptxlib	[no test files]
?   	github.com/buairtri/pptxgengo/cmd/pptxscene	[no test files]
?   	github.com/buairtri/pptxgengo/cmd/pptxtemplate	[no test files]
ok  	github.com/buairtri/pptxgengo/internal/adapt	1.713s
?   	github.com/buairtri/pptxgengo/internal/component	[no test files]
ok  	github.com/buairtri/pptxgengo/internal/compose	1.539s
ok  	github.com/buairtri/pptxgengo/internal/deckproject	14.068s
ok  	github.com/buairtri/pptxgengo/internal/library	4.420s
ok  	github.com/buairtri/pptxgengo/internal/nativepkg	2.237s
ok  	github.com/buairtri/pptxgengo/internal/textlayout	4.760s
ok  	github.com/buairtri/pptxgengo/internal/wmdesign	17.310s
ok  	github.com/buairtri/pptxgengo/pptx	1.534s
?   	github.com/buairtri/pptxgengo/samples/wmds-migration-20261003/software-modernization/case-study-fragment/authoring	[no test files]
