?   	github.com/buairtri/pptxgengo/cmd/pptxadapt	[no test files]
ok  	github.com/buairtri/pptxgengo/cmd/pptxanchor	3.237s
?   	github.com/buairtri/pptxgengo/cmd/pptxcomponent	[no test files]
ok  	github.com/buairtri/pptxgengo/cmd/pptxcompose	3.444s
ok  	github.com/buairtri/pptxgengo/cmd/pptxdesign	49.911s
ok  	github.com/buairtri/pptxgengo/cmd/pptxdiff	1.992s
ok  	github.com/buairtri/pptxgengo/cmd/pptxgengo	1.597s
?   	github.com/buairtri/pptxgengo/cmd/pptxlib	[no test files]
?   	github.com/buairtri/pptxgengo/cmd/pptxscene	[no test files]
?   	github.com/buairtri/pptxgengo/cmd/pptxtemplate	[no test files]
ok  	github.com/buairtri/pptxgengo/internal/adapt	1.805s
?   	github.com/buairtri/pptxgengo/internal/component	[no test files]
ok  	github.com/buairtri/pptxgengo/internal/compose	2.233s
ok  	github.com/buairtri/pptxgengo/internal/deckproject	151.190s
ok  	github.com/buairtri/pptxgengo/internal/library	5.205s
ok  	github.com/buairtri/pptxgengo/internal/nativepkg	2.757s
ok  	github.com/buairtri/pptxgengo/internal/textlayout	3.349s
ok  	github.com/buairtri/pptxgengo/internal/wmdesign	183.943s
ok  	github.com/buairtri/pptxgengo/pptx	8.112s
?   	github.com/buairtri/pptxgengo/samples/wmds-migration-20261003/software-modernization/case-study-fragment/authoring	[no test files]
