?   	github.com/buairtri/pptxgengo/cmd/pptxadapt	[no test files]
ok  	github.com/buairtri/pptxgengo/cmd/pptxanchor	1.324s
?   	github.com/buairtri/pptxgengo/cmd/pptxcomponent	[no test files]
ok  	github.com/buairtri/pptxgengo/cmd/pptxcompose	1.735s
ok  	github.com/buairtri/pptxgengo/cmd/pptxdesign	49.562s
ok  	github.com/buairtri/pptxgengo/cmd/pptxdiff	1.829s
ok  	github.com/buairtri/pptxgengo/cmd/pptxgengo	2.018s
?   	github.com/buairtri/pptxgengo/cmd/pptxlib	[no test files]
?   	github.com/buairtri/pptxgengo/cmd/pptxscene	[no test files]
?   	github.com/buairtri/pptxgengo/cmd/pptxtemplate	[no test files]
ok  	github.com/buairtri/pptxgengo/internal/adapt	1.291s
?   	github.com/buairtri/pptxgengo/internal/component	[no test files]
ok  	github.com/buairtri/pptxgengo/internal/compose	2.250s
ok  	github.com/buairtri/pptxgengo/internal/deckproject	150.357s
ok  	github.com/buairtri/pptxgengo/internal/library	4.773s
ok  	github.com/buairtri/pptxgengo/internal/nativepkg	3.210s
ok  	github.com/buairtri/pptxgengo/internal/textlayout	3.356s
ok  	github.com/buairtri/pptxgengo/internal/wmdesign	183.593s
ok  	github.com/buairtri/pptxgengo/pptx	7.903s
?   	github.com/buairtri/pptxgengo/samples/wmds-migration-20261003/software-modernization/case-study-fragment/authoring	[no test files]
