?   	github.com/buairtri/pptxgengo/cmd/pptxadapt	[no test files]
ok  	github.com/buairtri/pptxgengo/cmd/pptxanchor	3.326s
?   	github.com/buairtri/pptxgengo/cmd/pptxcomponent	[no test files]
ok  	github.com/buairtri/pptxgengo/cmd/pptxcompose	3.074s
ok  	github.com/buairtri/pptxgengo/cmd/pptxdesign	54.223s
ok  	github.com/buairtri/pptxgengo/cmd/pptxdiff	2.754s
ok  	github.com/buairtri/pptxgengo/cmd/pptxgengo	2.328s
?   	github.com/buairtri/pptxgengo/cmd/pptxlib	[no test files]
?   	github.com/buairtri/pptxgengo/cmd/pptxscene	[no test files]
?   	github.com/buairtri/pptxgengo/cmd/pptxtemplate	[no test files]
ok  	github.com/buairtri/pptxgengo/internal/adapt	2.562s
?   	github.com/buairtri/pptxgengo/internal/component	[no test files]
ok  	github.com/buairtri/pptxgengo/internal/compose	2.174s
ok  	github.com/buairtri/pptxgengo/internal/deckproject	158.026s
ok  	github.com/buairtri/pptxgengo/internal/library	5.261s
ok  	github.com/buairtri/pptxgengo/internal/nativepkg	3.711s
ok  	github.com/buairtri/pptxgengo/internal/textlayout	4.531s
ok  	github.com/buairtri/pptxgengo/internal/wmdesign	191.467s
ok  	github.com/buairtri/pptxgengo/pptx	11.018s
?   	github.com/buairtri/pptxgengo/samples/wmds-migration-20261003/software-modernization/case-study-fragment/authoring	[no test files]
