?   	github.com/buairtri/pptxgengo/cmd/pptxadapt	[no test files]
ok  	github.com/buairtri/pptxgengo/cmd/pptxanchor	(cached)
?   	github.com/buairtri/pptxgengo/cmd/pptxcomponent	[no test files]
ok  	github.com/buairtri/pptxgengo/cmd/pptxcompose	0.494s
ok  	github.com/buairtri/pptxgengo/cmd/pptxdesign	(cached)
ok  	github.com/buairtri/pptxgengo/cmd/pptxdiff	(cached)
ok  	github.com/buairtri/pptxgengo/cmd/pptxgengo	(cached)
?   	github.com/buairtri/pptxgengo/cmd/pptxlib	[no test files]
?   	github.com/buairtri/pptxgengo/cmd/pptxscene	[no test files]
?   	github.com/buairtri/pptxgengo/cmd/pptxtemplate	[no test files]
ok  	github.com/buairtri/pptxgengo/internal/adapt	(cached)
?   	github.com/buairtri/pptxgengo/internal/component	[no test files]
ok  	github.com/buairtri/pptxgengo/internal/compose	(cached)
ok  	github.com/buairtri/pptxgengo/internal/deckproject	(cached)
--- FAIL: TestExistingCatalogInventoryFind (0.01s)
    library_test.go:102: lstat /Users/rscott/Projects/pptxgengo/samples/showcase: no such file or directory
FAIL
FAIL	github.com/buairtri/pptxgengo/internal/library	1.618s
ok  	github.com/buairtri/pptxgengo/internal/nativepkg	(cached)
--- FAIL: TestInstalledFontsShapingAndVariableStyles (1.23s)
    layout_test.go:230: request text: font family "IBM Plex Sans" style regular not found; install the face or supply --font-dir (no font substitution)
FAIL
FAIL	github.com/buairtri/pptxgengo/internal/textlayout	2.127s
ok  	github.com/buairtri/pptxgengo/internal/wmdesign	(cached)
--- FAIL: TestMakeXmlChartsBarGolden (0.00s)
    charts_test.go:260: XML mismatch at byte 1520 (got 7609 bytes, want 7635 bytes)
         GOT ..."\"2E86AB\"/></a:solidFill><a:effectLst/>  </c:spPr>  <c:invertIfNegative val=\"0\"/>  <c:dPt>    <c:idx val=\"0\"/>      <c:invertIfNegative val=\"0\"/>    <c:bubble3D "...
        WANT ..."\"2E86AB\"/></a:solidFill><a:effectLst/>  </c:spPr>  <c:invertIfNegative val=\"0\"/><c:dLbls><c:numFmt formatCode=\"#,##0\" sourceLinked=\"0\"/><c:txPr><a:bodyPr/><a:ls"...
--- FAIL: TestMakeXmlChartsLineGolden (0.00s)
    charts_test.go:276: XML mismatch at byte 1130 (got 7653 bytes, want 7713 bytes)
         GOT ..."  </c:title><c:autoTitleDeleted val=\"0\"/><c:plotArea><c:layout/><c:lineChart><c:grouping val=\"standard\"/><c:varyColors val=\"0\"/><c:ser>  <c:idx val=\"0\"/><c:orde"...
        WANT ..."  </c:title><c:autoTitleDeleted val=\"0\"/><c:plotArea><c:layout/><c:lineChart><c:varyColors val=\"0\"/><c:ser>  <c:idx val=\"0\"/><c:order val=\"0\"/>  <c:tx>    <c:st"...
--- FAIL: TestCreateExcelWorksheetBarGolden (0.00s)
    charts_test.go:413: part "xl/tables/table1.xml" mismatch at byte 180 (got 417, want 418)
         GOT ..."6/main\" id=\"1\" name=\"Table1\" displayName=\"Table1\" ref=\"A1:B5\" totalsRowShown=\"0\"><tableColumns count=\"2\"><tableColumn id"...
        WANT ..."6/main\" id=\"1\" name=\"Table1\" displayName=\"Table1\" ref=\"A1:B5'\" totalsRowShown=\"0\"><tableColumns count=\"2\"><tableColumn i"...
--- FAIL: TestCreateExcelWorksheetPieGolden (0.00s)
    charts_test.go:423: part "xl/tables/table1.xml" mismatch at byte 180 (got 415, want 416)
         GOT ..."6/main\" id=\"1\" name=\"Table1\" displayName=\"Table1\" ref=\"A1:B4\" totalsRowShown=\"0\"><tableColumns count=\"2\"><tableColumn id"...
        WANT ..."6/main\" id=\"1\" name=\"Table1\" displayName=\"Table1\" ref=\"A1:B4'\" totalsRowShown=\"0\"><tableColumns count=\"2\"><tableColumn i"...
--- FAIL: TestCreateExcelWorksheetLineGolden (0.00s)
    charts_test.go:434: part "xl/tables/table1.xml" mismatch at byte 180 (got 455, want 456)
         GOT ..."6/main\" id=\"1\" name=\"Table1\" displayName=\"Table1\" ref=\"A1:C5\" totalsRowShown=\"0\"><tableColumns count=\"3\"><tableColumn id"...
        WANT ..."6/main\" id=\"1\" name=\"Table1\" displayName=\"Table1\" ref=\"A1:C5'\" totalsRowShown=\"0\"><tableColumns count=\"3\"><tableColumn i"...
--- FAIL: TestGoldenIntegration (0.21s)
    integration_test.go:323: [01-basic] ppt/presentation.xml: byte mismatch at offset 470
         got: ...><p:sldIdLst><p:sldId id="256" r:id="rId2"/></p:sldIdLst><p:sldSz cx="9144000" cy="5143500"/><p:notesSz cx="5143500" cy=...
        want: ...><p:sldIdLst><p:sldId id="256" r:id="rId2"/></p:sldIdLst><p:notesMasterIdLst><p:notesMasterId r:id="rId3"/></p:notesMast...
    integration_test.go:323: [02-text-rich] ppt/presentation.xml: byte mismatch at offset 470
         got: ...><p:sldIdLst><p:sldId id="256" r:id="rId2"/></p:sldIdLst><p:sldSz cx="9144000" cy="5143500"/><p:notesSz cx="5143500" cy=...
        want: ...><p:sldIdLst><p:sldId id="256" r:id="rId2"/></p:sldIdLst><p:notesMasterIdLst><p:notesMasterId r:id="rId3"/></p:notesMast...
    integration_test.go:323: [03-shapes] ppt/presentation.xml: byte mismatch at offset 470
         got: ...><p:sldIdLst><p:sldId id="256" r:id="rId2"/></p:sldIdLst><p:sldSz cx="9144000" cy="5143500"/><p:notesSz cx="5143500" cy=...
        want: ...><p:sldIdLst><p:sldId id="256" r:id="rId2"/></p:sldIdLst><p:notesMasterIdLst><p:notesMasterId r:id="rId3"/></p:notesMast...
    integration_test.go:323: [04-table] ppt/presentation.xml: byte mismatch at offset 470
         got: ...><p:sldIdLst><p:sldId id="256" r:id="rId2"/></p:sldIdLst><p:sldSz cx="9144000" cy="5143500"/><p:notesSz cx="5143500" cy=...
        want: ...><p:sldIdLst><p:sldId id="256" r:id="rId2"/></p:sldIdLst><p:notesMasterIdLst><p:notesMasterId r:id="rId3"/></p:notesMast...
    integration_test.go:323: [05-chart-bar] ppt/charts/chart1.xml: byte mismatch at offset 1520
         got: ...ill><a:effectLst/>  </c:spPr>  <c:invertIfNegative val="0"/>  <c:dPt>    <c:idx val="0"/>      <c:invertIfNegative val="...
        want: ...ill><a:effectLst/>  </c:spPr>  <c:invertIfNegative val="0"/><c:dLbls><c:numFmt formatCode="#,##0" sourceLinked="0"/><c:t...
    integration_test.go:323: [05-chart-bar] ppt/embeddings/Microsoft_Excel_Worksheet1.xlsx: inner "xl/tables/table1.xml" byte mismatch at offset 180
         got: ...6/main" id="1" name="Table1" displayName="Table1" ref="A1:B5" totalsRowShown="0"><tableColumns count="2"><tableColumn id...
        want: ...6/main" id="1" name="Table1" displayName="Table1" ref="A1:B5'" totalsRowShown="0"><tableColumns count="2"><tableColumn i...
    integration_test.go:323: [05-chart-bar] ppt/presentation.xml: byte mismatch at offset 470
         got: ...><p:sldIdLst><p:sldId id="256" r:id="rId2"/></p:sldIdLst><p:sldSz cx="9144000" cy="5143500"/><p:notesSz cx="5143500" cy=...
        want: ...><p:sldIdLst><p:sldId id="256" r:id="rId2"/></p:sldIdLst><p:notesMasterIdLst><p:notesMasterId r:id="rId3"/></p:notesMast...
    integration_test.go:323: [06-chart-multi] ppt/presentation.xml: byte mismatch at offset 501
         got: ...r:id="rId2"/><p:sldId id="257" r:id="rId3"/></p:sldIdLst><p:sldSz cx="9144000" cy="5143500"/><p:notesSz cx="5143500" cy=...
        want: ...r:id="rId2"/><p:sldId id="257" r:id="rId3"/></p:sldIdLst><p:notesMasterIdLst><p:notesMasterId r:id="rId4"/></p:notesMast...
    integration_test.go:323: [06-chart-multi] [Content_Types].xml: byte mismatch at offset 1569
         got: ...ocument.drawingml.chart+xml"/><Override PartName="/ppt/slides/slide2.xml" ContentType="application/vnd.openxmlformats-of...
        want: ...ocument.drawingml.chart+xml"/><Override PartName="/ppt/slideMasters/slideMaster2.xml" ContentType="application/vnd.openx...
    integration_test.go:323: [06-chart-multi] ppt/embeddings/Microsoft_Excel_Worksheet2.xlsx: inner "xl/tables/table1.xml" byte mismatch at offset 180
         got: ...6/main" id="1" name="Table1" displayName="Table1" ref="A1:C5" totalsRowShown="0"><tableColumns count="3"><tableColumn id...
        want: ...6/main" id="1" name="Table1" displayName="Table1" ref="A1:C5'" totalsRowShown="0"><tableColumns count="3"><tableColumn i...
    integration_test.go:323: [06-chart-multi] ppt/embeddings/Microsoft_Excel_Worksheet3.xlsx: inner "xl/tables/table1.xml" byte mismatch at offset 180
         got: ...6/main" id="1" name="Table1" displayName="Table1" ref="A1:B4" totalsRowShown="0"><tableColumns count="2"><tableColumn id...
        want: ...6/main" id="1" name="Table1" displayName="Table1" ref="A1:B4'" totalsRowShown="0"><tableColumns count="2"><tableColumn i...
    integration_test.go:323: [06-chart-multi] ppt/charts/chart2.xml: byte mismatch at offset 1130
         got: ...itleDeleted val="0"/><c:plotArea><c:layout/><c:lineChart><c:grouping val="standard"/><c:varyColors val="0"/><c:ser>  <c:...
        want: ...itleDeleted val="0"/><c:plotArea><c:layout/><c:lineChart><c:varyColors val="0"/><c:ser>  <c:idx val="0"/><c:order val="0...
    integration_test.go:323: [07-image] ppt/presentation.xml: byte mismatch at offset 470
         got: ...><p:sldIdLst><p:sldId id="256" r:id="rId2"/></p:sldIdLst><p:sldSz cx="9144000" cy="5143500"/><p:notesSz cx="5143500" cy=...
        want: ...><p:sldIdLst><p:sldId id="256" r:id="rId2"/></p:sldIdLst><p:notesMasterIdLst><p:notesMasterId r:id="rId3"/></p:notesMast...
    integration_test.go:323: [08-master] ppt/presentation.xml: byte mismatch at offset 470
         got: ...><p:sldIdLst><p:sldId id="256" r:id="rId2"/></p:sldIdLst><p:sldSz cx="9144000" cy="5143500"/><p:notesSz cx="5143500" cy=...
        want: ...><p:sldIdLst><p:sldId id="256" r:id="rId2"/></p:sldIdLst><p:notesMasterIdLst><p:notesMasterId r:id="rId3"/></p:notesMast...
--- FAIL: TestWriteFileRoundTrip (0.01s)
    integration_test.go:523: [01-basic] ppt/presentation.xml: byte mismatch at offset 470
         got: ...><p:sldIdLst><p:sldId id="256" r:id="rId2"/></p:sldIdLst><p:sldSz cx="9144000" cy="5143500"/><p:notesSz cx="5143500" cy=...
        want: ...><p:sldIdLst><p:sldId id="256" r:id="rId2"/></p:sldIdLst><p:notesMasterIdLst><p:notesMasterId r:id="rId3"/></p:notesMast...
--- FAIL: TestWriteCompression (0.01s)
    integration_test.go:533: [01-basic] ppt/presentation.xml: byte mismatch at offset 470
         got: ...><p:sldIdLst><p:sldId id="256" r:id="rId2"/></p:sldIdLst><p:sldSz cx="9144000" cy="5143500"/><p:notesSz cx="5143500" cy=...
        want: ...><p:sldIdLst><p:sldId id="256" r:id="rId2"/></p:sldIdLst><p:notesMasterIdLst><p:notesMasterId r:id="rId3"/></p:notesMast...
--- FAIL: TestWriteToOptsCompression (0.01s)
    writer_test.go:124: [01-basic] ppt/presentation.xml: byte mismatch at offset 470
         got: ...><p:sldIdLst><p:sldId id="256" r:id="rId2"/></p:sldIdLst><p:sldSz cx="9144000" cy="5143500"/><p:notesSz cx="5143500" cy=...
        want: ...><p:sldIdLst><p:sldId id="256" r:id="rId2"/></p:sldIdLst><p:notesMasterIdLst><p:notesMasterId r:id="rId3"/></p:notesMast...
--- FAIL: TestWriteFileOptsCompression (0.01s)
    writer_test.go:139: [01-basic] ppt/presentation.xml: byte mismatch at offset 470
         got: ...><p:sldIdLst><p:sldId id="256" r:id="rId2"/></p:sldIdLst><p:sldSz cx="9144000" cy="5143500"/><p:notesSz cx="5143500" cy=...
        want: ...><p:sldIdLst><p:sldId id="256" r:id="rId2"/></p:sldIdLst><p:notesMasterIdLst><p:notesMasterId r:id="rId3"/></p:notesMast...
--- FAIL: TestWriteFileAtomicReplacesExisting (0.01s)
    writer_test.go:201: [01-basic] ppt/presentation.xml: byte mismatch at offset 470
         got: ...><p:sldIdLst><p:sldId id="256" r:id="rId2"/></p:sldIdLst><p:sldSz cx="9144000" cy="5143500"/><p:notesSz cx="5143500" cy=...
        want: ...><p:sldIdLst><p:sldId id="256" r:id="rId2"/></p:sldIdLst><p:notesMasterIdLst><p:notesMasterId r:id="rId3"/></p:notesMast...
--- FAIL: TestMakeXmlPresentation (0.00s)
    xml_test.go:149: mismatch at byte 470 (got len 3192, want len 3263)
         got: ..."><p:sldIdLst><p:sldId id=\"256\" r:id=\"rId2\"/></p:sldIdLst><p:sldSz cx=\"9144000\" cy=\"5143500\"/><p:notesSz cx=\"5143500\" cy="...
        want: ..."><p:sldIdLst><p:sldId id=\"256\" r:id=\"rId2\"/></p:sldIdLst><p:notesMasterIdLst><p:notesMasterId r:id=\"rId3\"/></p:notesMast"...
FAIL
FAIL	github.com/buairtri/pptxgengo/pptx	1.392s
FAIL
