?   	github.com/buairtri/pptxgengo/cmd/pptxadapt	[no test files]
ok  	github.com/buairtri/pptxgengo/cmd/pptxanchor	0.306s
?   	github.com/buairtri/pptxgengo/cmd/pptxcomponent	[no test files]
ok  	github.com/buairtri/pptxgengo/cmd/pptxcompose	0.509s
ok  	github.com/buairtri/pptxgengo/cmd/pptxdesign	8.199s
ok  	github.com/buairtri/pptxgengo/cmd/pptxdiff	1.940s
ok  	github.com/buairtri/pptxgengo/cmd/pptxgengo	1.429s
?   	github.com/buairtri/pptxgengo/cmd/pptxlib	[no test files]
?   	github.com/buairtri/pptxgengo/cmd/pptxscene	[no test files]
?   	github.com/buairtri/pptxgengo/cmd/pptxtemplate	[no test files]
ok  	github.com/buairtri/pptxgengo/internal/adapt	0.714s
?   	github.com/buairtri/pptxgengo/internal/component	[no test files]
ok  	github.com/buairtri/pptxgengo/internal/compose	2.334s
ok  	github.com/buairtri/pptxgengo/internal/deckproject	19.033s
ok  	github.com/buairtri/pptxgengo/internal/library	4.019s
ok  	github.com/buairtri/pptxgengo/internal/nativepkg	1.121s
ok  	github.com/buairtri/pptxgengo/internal/textlayout	6.399s
ok  	github.com/buairtri/pptxgengo/internal/wmdesign	21.697s
ok  	github.com/buairtri/pptxgengo/pptx	4.726s
?   	github.com/buairtri/pptxgengo/samples/wmds-migration-20261003/software-modernization/case-study-fragment/authoring	[no test files]
