?   	github.com/buairtri/pptxgengo/cmd/pptxadapt	[no test files]
ok  	github.com/buairtri/pptxgengo/cmd/pptxanchor	0.244s
?   	github.com/buairtri/pptxgengo/cmd/pptxcomponent	[no test files]
ok  	github.com/buairtri/pptxgengo/cmd/pptxcompose	0.578s
ok  	github.com/buairtri/pptxgengo/cmd/pptxdesign	5.904s
ok  	github.com/buairtri/pptxgengo/cmd/pptxdiff	1.082s
ok  	github.com/buairtri/pptxgengo/cmd/pptxgengo	0.516s
?   	github.com/buairtri/pptxgengo/cmd/pptxlib	[no test files]
?   	github.com/buairtri/pptxgengo/cmd/pptxscene	[no test files]
?   	github.com/buairtri/pptxgengo/cmd/pptxtemplate	[no test files]
ok  	github.com/buairtri/pptxgengo/internal/adapt	0.888s
?   	github.com/buairtri/pptxgengo/internal/component	[no test files]
ok  	github.com/buairtri/pptxgengo/internal/compose	0.723s
ok  	github.com/buairtri/pptxgengo/internal/deckproject	16.489s
ok  	github.com/buairtri/pptxgengo/internal/library	3.303s
ok  	github.com/buairtri/pptxgengo/internal/nativepkg	2.257s
ok  	github.com/buairtri/pptxgengo/internal/textlayout	4.454s
ok  	github.com/buairtri/pptxgengo/internal/wmdesign	20.878s
ok  	github.com/buairtri/pptxgengo/pptx	2.832s
?   	github.com/buairtri/pptxgengo/samples/wmds-migration-20261003/software-modernization/case-study-fragment/authoring	[no test files]
