?   	github.com/buairtri/pptxgengo/cmd/pptxadapt	[no test files]
ok  	github.com/buairtri/pptxgengo/cmd/pptxanchor	1.237s
?   	github.com/buairtri/pptxgengo/cmd/pptxcomponent	[no test files]
ok  	github.com/buairtri/pptxgengo/cmd/pptxcompose	3.820s
ok  	github.com/buairtri/pptxgengo/cmd/pptxdesign	55.579s
ok  	github.com/buairtri/pptxgengo/cmd/pptxdiff	3.942s
ok  	github.com/buairtri/pptxgengo/cmd/pptxgengo	3.329s
?   	github.com/buairtri/pptxgengo/cmd/pptxlib	[no test files]
?   	github.com/buairtri/pptxgengo/cmd/pptxscene	[no test files]
?   	github.com/buairtri/pptxgengo/cmd/pptxtemplate	[no test files]
ok  	github.com/buairtri/pptxgengo/internal/adapt	3.752s
?   	github.com/buairtri/pptxgengo/internal/component	[no test files]
ok  	github.com/buairtri/pptxgengo/internal/compose	3.586s
ok  	github.com/buairtri/pptxgengo/internal/deckproject	158.094s
ok  	github.com/buairtri/pptxgengo/internal/library	6.846s
ok  	github.com/buairtri/pptxgengo/internal/nativepkg	4.906s
ok  	github.com/buairtri/pptxgengo/internal/textlayout	5.185s
ok  	github.com/buairtri/pptxgengo/internal/wmdesign	191.522s
ok  	github.com/buairtri/pptxgengo/pptx	11.743s
?   	github.com/buairtri/pptxgengo/samples/wmds-migration-20261003/software-modernization/case-study-fragment/authoring	[no test files]
