PPTXGENGO_NATIVE_LIVE_OUT= go test -short -count=1 -timeout=150s ./...
?   	github.com/buairtri/pptxgengo/cmd/pptxadapt	[no test files]
ok  	github.com/buairtri/pptxgengo/cmd/pptxanchor	0.959s
?   	github.com/buairtri/pptxgengo/cmd/pptxcomponent	[no test files]
ok  	github.com/buairtri/pptxgengo/cmd/pptxcompose	1.057s
ok  	github.com/buairtri/pptxgengo/cmd/pptxdesign	47.708s
ok  	github.com/buairtri/pptxgengo/cmd/pptxdiff	1.279s
ok  	github.com/buairtri/pptxgengo/cmd/pptxgengo	1.143s
?   	github.com/buairtri/pptxgengo/cmd/pptxlib	[no test files]
?   	github.com/buairtri/pptxgengo/cmd/pptxscene	[no test files]
?   	github.com/buairtri/pptxgengo/cmd/pptxtemplate	[no test files]
?   	github.com/buairtri/pptxgengo/cmd/wmdsdocs	[no test files]
ok  	github.com/buairtri/pptxgengo/internal/adapt	1.804s
?   	github.com/buairtri/pptxgengo/internal/component	[no test files]
ok  	github.com/buairtri/pptxgengo/internal/compose	1.537s
ok  	github.com/buairtri/pptxgengo/internal/deckproject	49.766s
ok  	github.com/buairtri/pptxgengo/internal/library	4.827s
ok  	github.com/buairtri/pptxgengo/internal/nativeexport	7.521s
ok  	github.com/buairtri/pptxgengo/internal/nativepkg	2.752s
ok  	github.com/buairtri/pptxgengo/internal/textlayout	4.160s
ok  	github.com/buairtri/pptxgengo/internal/wmdesign	151.928s
ok  	github.com/buairtri/pptxgengo/pptx	5.453s
