PPTXGENGO_NATIVE_LIVE_OUT= go test -short -count=1 -timeout=150s ./...
?   	github.com/buairtri/pptxgengo/cmd/pptxadapt	[no test files]
ok  	github.com/buairtri/pptxgengo/cmd/pptxanchor	0.256s
?   	github.com/buairtri/pptxgengo/cmd/pptxcomponent	[no test files]
ok  	github.com/buairtri/pptxgengo/cmd/pptxcompose	0.919s
ok  	github.com/buairtri/pptxgengo/cmd/pptxdesign	31.979s
ok  	github.com/buairtri/pptxgengo/cmd/pptxdiff	0.280s
ok  	github.com/buairtri/pptxgengo/cmd/pptxgengo	0.581s
?   	github.com/buairtri/pptxgengo/cmd/pptxlib	[no test files]
?   	github.com/buairtri/pptxgengo/cmd/pptxscene	[no test files]
?   	github.com/buairtri/pptxgengo/cmd/pptxtemplate	[no test files]
?   	github.com/buairtri/pptxgengo/cmd/wmdsdocs	[no test files]
ok  	github.com/buairtri/pptxgengo/internal/adapt	1.224s
?   	github.com/buairtri/pptxgengo/internal/component	[no test files]
ok  	github.com/buairtri/pptxgengo/internal/compose	2.468s
ok  	github.com/buairtri/pptxgengo/internal/deckproject	33.333s
ok  	github.com/buairtri/pptxgengo/internal/library	2.021s
ok  	github.com/buairtri/pptxgengo/internal/nativeexport	5.531s
ok  	github.com/buairtri/pptxgengo/internal/nativepkg	2.428s
ok  	github.com/buairtri/pptxgengo/internal/textlayout	2.567s
ok  	github.com/buairtri/pptxgengo/internal/wmdesign	122.337s
ok  	github.com/buairtri/pptxgengo/pptx	3.200s
